// Jest Snapshot v1, https://goo.gl/fbAQLP

exports[`Tests in <MultipleCustomHooks /> should render <MultipleCustomHooks /> correctly 1`] = `
<Fragment>
  <h1>
    Breaking Bad Quotes
  </h1>
  <hr />
  <div
    className="alert alert-info text center"
  >
    Loading...
  </div>
  <button
    className="btn btn-secondary"
    onClick={[Function]}
  >
    Next Qoute
  </button>
  <button
    className="btn btn-secondary"
    onClick={[Function]}
  >
    Previous Qoute
  </button>
</Fragment>
`;
