// Jest Snapshot v1, https://goo.gl/fbAQLP

exports[`Tests in <RealExample /> should render <RealExample /> correctly 1`] = `
<div>
  <h1>
    Real Example Ref
  </h1>
  <hr />
  <button
    className="btn btn-outline-secondary mt-5"
    onClick={[Function]}
  >
    Show / Hide
  </button>
</div>
`;
